......
......
.xxx..
......
......

--NEXT TURN--

......
..x...
..x...
..x...
......

--NEXT TURN--

......
......
.xxx..
......
......

--NEXT TURN--

......
..x...
..x...
..x...
......
