......
.xx...
.xx...
......
......

--NEXT TURN--

......
.xx...
.xx...
......
......
