xx....
xx....
..xx..
..xx..
......

--NEXT TURN--

xx....
x.....
...x..
..xx..
......

--NEXT TURN--

xx....
xx....
..xx..
..xx..
......

--NEXT TURN--

xx....
x.....
...x..
..xx..
......
